Script started on Monday 08 April 2019 10:42:53 AM IST
]0;s4d1@clab1-Veriton-Series: ~[01;32ms4d1@clab1-Veriton-Series[00m:[01;34m~[00m$ ssftp u1@192.168.0.30[9Pcript sftpftp u1@192.168.0.30[1P@192.168.0.30[1P@192.168.0.30[1P@192.168.0.30[1P@192.168.0.30[1P@192.168.0.30[1P@192.168.0.30s@192.168.0.30h@192.168.0.30 @192.168.0.30c@192.168.0.30s@192.168.0.301@192.168.0.307@192.168.0.30d@192.168.0.306@192.168.0.301@192.168.0.30
.
              |
.  .    . .-. | .-..-. .--.--. .-.
 \  \  / (.-' |(  (   )|  |  |(.-'
  `' `'   `--'` `-'`-' '  '  ` `--'
cs17d61@192.168.0.30's password: 
Welcome to elementary OS 0.4.1 Loki (GNU/Linux 4.13.0-32-generic x86_64)

 * Website:  http://elementary.io/

23 packages can be updated.
0 updates are security updates.

*** System restart required ***
Last login: Mon Apr  8 09:59:47 2019 from 192.168.0.200
$ ls
class  cs17d61.txt  examples.desktop  file.txt	s4d
$ ls -l
total 24
drwxr-xr-x 2 cs17d61 cs17d 4096 Apr  8 10:28 class
-rw-r--r-- 1 cs17d61 cs17d    0 Apr  8 09:37 cs17d61.txt
-rw-r--r-- 1 cs17d61 cs17d 8980 Apr 20  2016 examples.desktop
-rw-r--r-- 1 cs17d61 cs17d   93 Apr  8 09:27 file.txt
drwxr-xr-x 2 cs17d61 cs17d 4096 Apr  8 09:31 s4d
$ du
4	./s4d
4	./.cache
4	./class
40	./.config/plank/dock1/launchers
44	./.config/plank/dock1
48	./.config/plank
52	./.config
100	.
$ mkdir day
$ nano file.txt
[?1049h[1;24r(B[m[4l[?7h[?1h=[?1h=[?1h=[39;49m[?25l[39;49m(B[m[H[2J[22;33H(B[0;7m[ Reading File ][3d(B[m[22;32H(B[0;7m[ Read 15 lines[18d(B[m[?12l[?25h[H[39;49m(B[0;7m  GNU nano 2.5.3              File: file.txt                                    [3;1H(B[ml[4dlol[5dlool[6dloool[7dlooool[8d1233333[9d31232632[11d326989456+[13d3+9584+63.[14d66541+6[15d256+85+63+8+952+9[23d(B[0;7m^G(B[m Get Help  (B[0;7m^O(B[m Write Out (B[0;7m^W(B[m Where Is  (B[0;7m^K(B[m Cut Text  (B[0;7m^J(B[m Justify   (B[0;7m^C(B[m Cur Pos[24d(B[0;7m^X(B[m Exit[14G(B[0;7m^R(B[m Read File (B[0;7m^\(B[m Replace   (B[0;7m^U(B[m Uncut Text(B[0;7m^T(B[m To Spell  (B[0;7m^_(B[m Go To Line[3d[22d[J[24;80H[24;1H[?1049l[?1l>$ ^[[A^[[A^[[B^[[B^[[B^[[B                        nano file.txt               ls -l
total 28
drwxr-xr-x 2 cs17d61 cs17d 4096 Apr  8 10:28 class
-rw-r--r-- 1 cs17d61 cs17d    0 Apr  8 09:37 cs17d61.txt
drwxr-xr-x 2 cs17d61 cs17d 4096 Apr  8 10:44 day
-rw-r--r-- 1 cs17d61 cs17d 8980 Apr 20  2016 examples.desktop
-rw-r--r-- 1 cs17d61 cs17d   93 Apr  8 09:27 file.txt
drwxr-xr-x 2 cs17d61 cs17d 4096 Apr  8 09:31 s4d
$ nano example.desl ktop
[?1049h[1;24r(B[m[4l[?7h[?1h=[?1h=[?1h=[39;49m[?25l[39;49m(B[m[H[2J[22;35H(B[0;7m[ New File ][3d(B[m[?12l[?25h[H[39;49m(B[0;7m  GNU nano 2.5.3            File: example.desktop                               [23;1H^G(B[m Get Help  (B[0;7m^O(B[m Write Out (B[0;7m^W(B[m Where Is  (B[0;7m^K(B[m Cut Text  (B[0;7m^J(B[m Justify   (B[0;7m^C(B[m Cur Pos[24d(B[0;7m^X(B[m Exit[14G(B[0;7m^R(B[m Read File (B[0;7m^\(B[m Replace   (B[0;7m^U(B[m Uncut Text(B[0;7m^T(B[m To Spell  (B[0;7m^_(B[m Go To Line[3d[1;71H(B[0;7mModified[3d(B[mt5opipoeiuyhiuigoy        [22d[K[3;11H         [K[22d(B[0;7mSave modified buffer (ANSWERING "No" WILL DESTROY CHANGES) ?                    [23;1H Y(B[m Yes[K[24d(B[0;7m N(B[m No  [14G   (B[0;7m^C(B[m Cancel[K[22;62H[J[24;80H[24;1H[?1049l[?1l>$ nano file    cs17d61.txt
[?1049h[1;24r(B[m[4l[?7h[?1h=[?1h=[?1h=[39;49m[?25l[39;49m(B[m[H[2J[22;33H(B[0;7m[ Reading File ][3d(B[m[22;39H(B[0;7m 0 lines[3d(B[m[?12l[?25h[H[39;49m(B[0;7m  GNU nano 2.5.3             File: cs17d61.txt                                  [23;1H^G(B[m Get Help  (B[0;7m^O(B[m Write Out (B[0;7m^W(B[m Where Is  (B[0;7m^K(B[m Cut Text  (B[0;7m^J(B[m Justify   (B[0;7m^C(B[m Cur Pos[24d(B[0;7m^X(B[m Exit[14G(B[0;7m^R(B[m Read File (B[0;7m^\(B[m Replace   (B[0;7m^U(B[m Uncut Text(B[0;7m^T(B[m To Spell  (B[0;7m^_(B[m Go To Line[3d[1;71H(B[0;7mModified[3d(B[mcec  [Kindia is my country[22d[K[3;20H all indiand s are my brothers ang d sisters[Kindia is my country all indians are my brothers and sisters[4d[?25l[23d[J[22;21H(B[0;7m[ Invoking spell checker, please wait ][4d(B[m[22;16H(B[0;7m[ Creating misspelled word list, please wait... ][4d(B[m[H[2J(B[0;7m  GNU nano 2.5.3             File: cs17d61.txt                        Modified  [3;1H(B[mindia is my country all indians are my brothers and sisters[22;16H(B[0;7m[ Creating misspelled word list, please wait... ][23d^G(B[m Get Help  (B[0;7m^O(B[m Write Out (B[0;7m^W(B[m Where Is  (B[0;7m^K(B[m Cut Text  (B[0;7m^J(B[m Justify   (B[0;7m^C(B[m Cur Pos[24d(B[0;7m^X(B[m Exit[14G(B[0;7m^R(B[m Read File (B[0;7m^\(B[m Replace   (B[0;7m^U(B[m Uncut Text(B[0;7m^T(B[m To Spell  (B[0;7m^_(B[m Go To Line[4d[22;18H(B[0;7mSpell checking failed: Error invoking "spell"[4d(B[m[?12l[?25h====   [K=[K=+[5d[6d[24;1H[?1049l[?1l>[?1049h[1;28r[?12l[?25h[39;49m(B[m[4l[?7h[H[2J(B[0;7m  GNU nano 2.5.3             File: cs17d61.txt                        Modified  [3;1H(B[mindia is my country all indians are my brothers and sisters[4d=+[22;16H(B[0;7m[ Spell checking failed: Error invoking "spell" ][23d^G(B[m Get Help  (B[0;7m^O(B[m Write Out (B[0;7m^W(B[m Where Is  (B[0;7m^K(B[m Cut Text  (B[0;7m^J(B[m Justify   (B[0;7m^C(B[m Cur Pos[24d(B[0;7m^X(B[m Exit[14G(B[0;7m^R(B[m Read File (B[0;7m^\(B[m Replace   (B[0;7m^U(B[m Uncut Text(B[0;7m^T(B[m To Spell  (B[0;7m^_(B[m Go To Line[6d[?1h=[?1h=[?1h=[H[2J(B[0;7m  GNU nano 2.5.3             File: cs17d61.txt                        Modified  [3;1H(B[mindia is my country all indians are my brothers and sisters[4d=+[22;16H(B[0;7m[ Spell checking failed: Error invoking "spell" ][23d^G(B[m Get Help  (B[0;7m^O(B[m Write Out (B[0;7m^W(B[m Where Is  (B[0;7m^K(B[m Cut Text  (B[0;7m^J(B[m Justify   (B[0;7m^C(B[m Cur Pos[24d(B[0;7m^X(B[m Exit[14G(B[0;7m^R(B[m Read File (B[0;7m^\(B[m Replace   (B[0;7m^U(B[m Uncut Text(B[0;7m^T(B[m To Spell  (B[0;7m^_(B[m Go To Line[6d[A[4L[26d[K[6d[28;1H[?1049l[?1l>[?1049h[1;106r[?12l[?25h[39;49m(B[m[4l[?7h[H[2J(B[0;7m  GNU nano 2.5.3             File: cs17d61.txt                        Modified  [3d(B[mindia is my country all indians are my brothers and sisters[4d=+[27d(B[0;7m^G(B[m Get Help  (B[0;7m^O(B[m Write Out (B[0;7m^W(B[m Where Is  (B[0;7m^K(B[m Cut Text  (B[0;7m^J(B[m Justify   (B[0;7m^C(B[m Cur Pos[28d(B[0;7m^X(B[m Exit[14G(B[0;7m^R(B[m Read File (B[0;7m^\(B[m Replace   (B[0;7m^U(B[m Uncut Text(B[0;7m^T(B[m To Spell  (B[0;7m^_(B[m Go To Line[6d[?1h=[?1h=[?1h=[H[2J(B[0;7m  GNU nano 2.5.3             File: cs17d61.txt                        Modified  [3d(B[mindia is my country all indians are my brothers and sisters[4d=+[27d(B[0;7m^G(B[m Get Help  (B[0;7m^O(B[m Write Out (B[0;7m^W(B[m Where Is  (B[0;7m^K(B[m Cut Text  (B[0;7m^J(B[m Justify   (B[0;7m^C(B[m Cur Pos[28d(B[0;7m^X(B[m Exit[14G(B[0;7m^R(B[m Read File (B[0;7m^\(B[m Replace   (B[0;7m^U(B[m Uncut Text(B[0;7m^T(B[m To Spell  (B[0;7m^_(B[m Go To Line[6d[1;30H(B[0;7m                 [1;71H                                        File: cs17d61.txt                                                                                                                                                                                        Modified  [27;1H(B[m[K[28d[K[105d(B[0;7m^G(B[m Get Help[18G(B[0;7m^O(B[m Write Out     (B[0;7m^W(B[m Where Is[52G(B[0;7m^K(B[m Cut Text[69G(B[0;7m^J(B[m Justify[86G(B[0;7m^C(B[m Cur Pos[103G(B[0;7m^Y(B[m Prev Page     (B[0;7mM-\(B[m First Line   (B[0;7mM-W(B[m WhereIs Next (B[0;7m^^(B[m Mark Text     (B[0;7mM-}(B[m Indent Text  (B[0;7mM-U(B[m Undo[105;205H(B[0;7m^B(B[m Back[105;222H(B[0;7mM-Space(B[m Prev Word(B[0;7m^A(B[m Home[105;256H(B[0;7m^P(B[m Prev Line     (B[0;7mM-((B[m Beg of Par   (B[0;7mM--(B[m Scroll Up[106d(B[0;7m^X(B[m Exit[106;18H(B[0;7m^R(B[m Read File     (B[0;7m^\(B[m Replace[52G(B[0;7m^U(B[m Uncut Text    (B[0;7m^T(B[m To Spell[86G(B[0;7m^_(B[m Go To Line    (B[0;7m^V(B[m Next Page     (B[0;7mM-/(B[m Last Line    (B[0;7mM-](B[m To Bracket   (B[0;7mM-^(B[m Copy Text    (B[0;7mM-{(B[m Unindent Text(B[0;7mM-E(B[m Redo[106;205H(B[0;7m^F(B[m Forward[222G(B[0;7m^Space(B[m Next Word (B[0;7m^E(B[m End[106;256H(B[0;7m^N(B[m Next Line     (B[0;7mM-)(B[m End of Par   (B[0;7mM-+(B[m Scroll Down[6d[106;1H[?1049l[?1l>[?1049h[1;24r[?12l[?25h[39;49m(B[m[4l[?7h[H[2J(B[0;7m  GNU nano 2.5.3                                                                [3;1H(B[mindia is my country all indians are my brothers and sisters[4d=+[6d[?1h=[?1h=[?1h=[H[2J(B[0;7m  GNU nano 2.5.3                                                                [3;1H(B[mindia is my country all indians are my brothers and sisters[4d=+[6d[1;30H(B[0;7mFile: cs17d61.txt[1;71HModified[23d^G(B[m Get Help  (B[0;7m^O(B[m Write Out (B[0;7m^W(B[m Where Is  (B[0;7m^K(B[m Cut Text  (B[0;7m^J(B[m Justify   (B[0;7m^C(B[m Cur Pos[24d(B[0;7m^X(B[m Exit[14G(B[0;7m^R(B[m Read File (B[0;7m^\(B[m Replace   (B[0;7m^U(B[m Uncut Text(B[0;7m^T(B[m To Spell  (B[0;7m^_(B[m Go To Line[6d[24;1H[?1049l[?1l>[?1049h[1;106r[?12l[?25h[39;49m(B[m[4l[?7h[H[2J(B[0;7m  GNU nano 2.5.3             File: cs17d61.txt                        Modified  [3d(B[mindia is my country all indians are my brothers and sisters[4d=+[23d(B[0;7m^G(B[m Get Help  (B[0;7m^O(B[m Write Out (B[0;7m^W(B[m Where Is  (B[0;7m^K(B[m Cut Text  (B[0;7m^J(B[m Justify   (B[0;7m^C(B[m Cur Pos[24d(B[0;7m^X(B[m Exit[14G(B[0;7m^R(B[m Read File (B[0;7m^\(B[m Replace   (B[0;7m^U(B[m Uncut Text(B[0;7m^T(B[m To Spell  (B[0;7m^_(B[m Go To Line[6d[?1h=[?1h=[?1h=[H[2J(B[0;7m  GNU nano 2.5.3             File: cs17d61.txt                        Modified  [3d(B[mindia is my country all indians are my brothers and sisters[4d=+[23d(B[0;7m^G(B[m Get Help  (B[0;7m^O(B[m Write Out (B[0;7m^W(B[m Where Is  (B[0;7m^K(B[m Cut Text  (B[0;7m^J(B[m Justify   (B[0;7m^C(B[m Cur Pos[24d(B[0;7m^X(B[m Exit[14G(B[0;7m^R(B[m Read File (B[0;7m^\(B[m Replace   (B[0;7m^U(B[m Uncut Text(B[0;7m^T(B[m To Spell  (B[0;7m^_(B[m Go To Line[6d[1;30H(B[0;7m                 [1;71H                                        File: cs17d61.txt                                                                                                                                                                                        Modified  [23;1H(B[m[K[24d[K[105d(B[0;7m^G(B[m Get Help[18G(B[0;7m^O(B[m Write Out     (B[0;7m^W(B[m Where Is[52G(B[0;7m^K(B[m Cut Text[69G(B[0;7m^J(B[m Justify[86G(B[0;7m^C(B[m Cur Pos[103G(B[0;7m^Y(B[m Prev Page     (B[0;7mM-\(B[m First Line   (B[0;7mM-W(B[m WhereIs Next (B[0;7m^^(B[m Mark Text     (B[0;7mM-}(B[m Indent Text  (B[0;7mM-U(B[m Undo[105;205H(B[0;7m^B(B[m Back[105;222H(B[0;7mM-Space(B[m Prev Word(B[0;7m^A(B[m Home[105;256H(B[0;7m^P(B[m Prev Line     (B[0;7mM-((B[m Beg of Par   (B[0;7mM--(B[m Scroll Up[106d(B[0;7m^X(B[m Exit[106;18H(B[0;7m^R(B[m Read File     (B[0;7m^\(B[m Replace[52G(B[0;7m^U(B[m Uncut Text    (B[0;7m^T(B[m To Spell[86G(B[0;7m^_(B[m Go To Line    (B[0;7m^V(B[m Next Page     (B[0;7mM-/(B[m Last Line    (B[0;7mM-](B[m To Bracket   (B[0;7mM-^(B[m Copy Text    (B[0;7mM-{(B[m Unindent Text(B[0;7mM-E(B[m Redo[106;205H(B[0;7m^F(B[m Forward[222G(B[0;7m^Space(B[m Next Word (B[0;7m^E(B[m End[106;256H(B[0;7m^N(B[m Next Line     (B[0;7mM-)(B[m End of Par   (B[0;7mM-+(B[m Scroll Down[6d[106;1H[?1049l[?1l>[?1049h[1;24r[?12l[?25h[39;49m(B[m[4l[?7h[H[2J(B[0;7m  GNU nano 2.5.3                                                                [3;1H(B[mindia is my country all indians are my brothers and sisters[4d=+[6d[?1h=[?1h=[?1h=[H[2J(B[0;7m  GNU nano 2.5.3                                                                [3;1H(B[mindia is my country all indians are my brothers and sisters[4d=+[6d[1;30H(B[0;7mFile: cs17d61.txt[1;71HModified[23d^G(B[m Get Help  (B[0;7m^O(B[m Write Out (B[0;7m^W(B[m Where Is  (B[0;7m^K(B[m Cut Text  (B[0;7m^J(B[m Justify   (B[0;7m^C(B[m Cur Pos[24d(B[0;7m^X(B[m Exit[14G(B[0;7m^R(B[m Read File (B[0;7m^\(B[m Replace   (B[0;7m^U(B[m Uncut Text(B[0;7m^T(B[m To Spell  (B[0;7m^_(B[m Go To Line[6d===  [K[A[A=+======       [K[3;60H+  =====       [22d(B[0;7mSave modified buffer (ANSWERING "No" WILL DESTROY CHANGES) ?                    [23;1H Y(B[m Yes[K[24d(B[0;7m N(B[m No  [14G   (B[0;7m^C(B[m Cancel[K[22;62H(B[0;7mFile Name to Write: cs17d61.txt                             [23d^G(B[m Get Help     (B[0;7mM-D(B[m DOS Format  (B[0;7mM-A(B[m Append[49G(B[0;7mM-B(B[m Backup File[24d(B[0;7m^C(B[m Cancel[17G(B[0;7mM-M(B[m Mac Format  (B[0;7mM-P(B[m Prepend     (B[0;7m^T(B[m To Files[22;32H[?25l[39;49m(B[m[1K (B[0;7m[ Wrote 1 line ](B[m[K[3;57H[22d[J[1;71H(B[0;7m        [24;80H(B[m[24;1H[?12l[?25h[?1049l[?1l>$ ============            =====     ^[^[^[      
$ 
$ 
$ ++++++++        exit
Connection to 192.168.0.30 closed.
]0;s4d1@clab1-Veriton-Series: ~[01;32ms4d1@clab1-Veriton-Series[00m:[01;34m~[00m$ exit
exit

Script done on Monday 08 April 2019 11:00:57 AM IST
